[0m00:38:23.413849 [debug] [MainThread]: Sending event: {'category': 'dbt', 'action': 'invocation', 'label': 'start', 'context': [<snowplow_tracker.self_describing_json.SelfDescribingJson object at 0x7f2bacbf3890>, <snowplow_tracker.self_describing_json.SelfDescribingJson object at 0x7f2badb0e990>, <snowplow_tracker.self_describing_json.SelfDescribingJson object at 0x7f2bac80d790>]}


============================== 00:38:23.416991 | 9e512e98-9393-4dfc-b6bd-f5c58f50adeb ==============================
[0m00:38:23.416991 [info ] [MainThread]: Running with dbt=1.11.11
[0m00:38:23.417392 [debug] [MainThread]: running dbt with arguments {'debug': 'False', 'introspect': 'True', 'profiles_dir': '/tmp', 'log_format': 'default', 'send_anonymous_usage_stats': 'True', 'warn_error_options': 'WarnErrorOptionsV2(error=[], warn=[], silence=[])', 'static_parser': 'True', 'cache_selected_only': 'False', 'use_experimental_parser': 'False', 'empty': 'None', 'write_json': 'True', 'no_print': 'None', 'invocation_command': 'dbt seed --profiles-dir /tmp -q', 'warn_error': 'None', 'log_cache_events': 'False', 'log_path': '/root/klavis-tb3-task/tasks/dbt-incremental-debugger/environment/dbt_project/logs', 'quiet': 'True', 'use_colors': 'True', 'target_path': 'None', 'printer_width': '80', 'indirect_selection': 'eager', 'version_check': 'True', 'fail_fast': 'False', 'partial_parse': 'True'}
[0m00:38:23.419480 [error] [MainThread]: Encountered an error:
Runtime Error
  Could not find profile named 'user_events'
[0m00:38:23.420428 [debug] [MainThread]: Resource report: {"command_name": "seed", "command_success": false, "command_wall_clock_time": 0.058170684, "process_in_blocks": "0", "process_kernel_time": 0.075971, "process_mem_max_rss": "105152", "process_out_blocks": "56", "process_user_time": 1.239347}
[0m00:38:23.420846 [debug] [MainThread]: Command `dbt seed` failed at 00:38:23.420760 after 0.06 seconds
[0m00:38:23.421171 [debug] [MainThread]: Sending event: {'category': 'dbt', 'action': 'invocation', 'label': 'end', 'context': [<snowplow_tracker.self_describing_json.SelfDescribingJson object at 0x7f2bab9c91f0>, <snowplow_tracker.self_describing_json.SelfDescribingJson object at 0x7f2bab9a2c00>, <snowplow_tracker.self_describing_json.SelfDescribingJson object at 0x7f2bab9a2b40>]}
[0m00:38:23.421447 [debug] [MainThread]: Flushing usage events
[0m00:38:23.486471 [debug] [MainThread]: An error was encountered while trying to flush usage events
[0m00:38:25.029785 [debug] [MainThread]: Sending event: {'category': 'dbt', 'action': 'invocation', 'label': 'start', 'context': [<snowplow_tracker.self_describing_json.SelfDescribingJson object at 0x7fed0be1e780>, <snowplow_tracker.self_describing_json.SelfDescribingJson object at 0x7fed0a548080>, <snowplow_tracker.self_describing_json.SelfDescribingJson object at 0x7fed0a117860>]}


============================== 00:38:25.032883 | 1a80c612-81cf-4128-827b-fae05bcacc50 ==============================
[0m00:38:25.032883 [info ] [MainThread]: Running with dbt=1.11.11
[0m00:38:25.033259 [debug] [MainThread]: running dbt with arguments {'empty': 'False', 'warn_error': 'None', 'no_print': 'None', 'log_cache_events': 'False', 'use_experimental_parser': 'False', 'fail_fast': 'False', 'version_check': 'True', 'target_path': 'None', 'profiles_dir': '/tmp', 'cache_selected_only': 'False', 'indirect_selection': 'eager', 'quiet': 'True', 'introspect': 'True', 'invocation_command': 'dbt run --full-refresh --profiles-dir /tmp -q', 'log_path': '/root/klavis-tb3-task/tasks/dbt-incremental-debugger/environment/dbt_project/logs', 'warn_error_options': 'WarnErrorOptionsV2(error=[], warn=[], silence=[])', 'write_json': 'True', 'use_colors': 'True', 'partial_parse': 'True', 'static_parser': 'True', 'send_anonymous_usage_stats': 'True', 'printer_width': '80', 'debug': 'False', 'log_format': 'default'}
[0m00:38:25.035420 [error] [MainThread]: Encountered an error:
Runtime Error
  Could not find profile named 'user_events'
[0m00:38:25.036383 [debug] [MainThread]: Resource report: {"command_name": "run", "command_success": false, "command_wall_clock_time": 0.058191545, "process_in_blocks": "0", "process_kernel_time": 0.103886, "process_mem_max_rss": "105244", "process_out_blocks": "0", "process_user_time": 1.202594}
[0m00:38:25.036825 [debug] [MainThread]: Command `dbt run` failed at 00:38:25.036735 after 0.06 seconds
[0m00:38:25.037076 [debug] [MainThread]: Sending event: {'category': 'dbt', 'action': 'invocation', 'label': 'end', 'context': [<snowplow_tracker.self_describing_json.SelfDescribingJson object at 0x7fed0bc15100>, <snowplow_tracker.self_describing_json.SelfDescribingJson object at 0x7fed0a95a000>, <snowplow_tracker.self_describing_json.SelfDescribingJson object at 0x7fed0aa65eb0>]}
[0m00:38:25.037347 [debug] [MainThread]: Flushing usage events
[0m00:38:25.071469 [debug] [MainThread]: An error was encountered while trying to flush usage events
[0m00:38:26.653388 [debug] [MainThread]: Sending event: {'category': 'dbt', 'action': 'invocation', 'label': 'start', 'context': [<snowplow_tracker.self_describing_json.SelfDescribingJson object at 0x7fba87e777a0>, <snowplow_tracker.self_describing_json.SelfDescribingJson object at 0x7fba874bd6a0>, <snowplow_tracker.self_describing_json.SelfDescribingJson object at 0x7fba88c54920>]}


============================== 00:38:26.656577 | 14d33e47-9a68-49b6-8ba6-d24d20f6eb41 ==============================
[0m00:38:26.656577 [info ] [MainThread]: Running with dbt=1.11.11
[0m00:38:26.657002 [debug] [MainThread]: running dbt with arguments {'log_cache_events': 'False', 'debug': 'False', 'static_parser': 'True', 'version_check': 'True', 'fail_fast': 'False', 'quiet': 'True', 'empty': 'False', 'profiles_dir': '/tmp', 'partial_parse': 'True', 'write_json': 'True', 'warn_error_options': 'WarnErrorOptionsV2(error=[], warn=[], silence=[])', 'log_format': 'default', 'indirect_selection': 'eager', 'no_print': 'None', 'use_colors': 'True', 'use_experimental_parser': 'False', 'invocation_command': 'dbt run --profiles-dir /tmp -q', 'log_path': '/root/klavis-tb3-task/tasks/dbt-incremental-debugger/environment/dbt_project/logs', 'introspect': 'True', 'cache_selected_only': 'False', 'warn_error': 'None', 'send_anonymous_usage_stats': 'True', 'target_path': 'None', 'printer_width': '80'}
[0m00:38:26.659056 [error] [MainThread]: Encountered an error:
Runtime Error
  Could not find profile named 'user_events'
[0m00:38:26.659962 [debug] [MainThread]: Resource report: {"command_name": "run", "command_success": false, "command_wall_clock_time": 0.062387973, "process_in_blocks": "0", "process_kernel_time": 0.059739, "process_mem_max_rss": "105156", "process_out_blocks": "0", "process_user_time": 1.28235}
[0m00:38:26.660410 [debug] [MainThread]: Command `dbt run` failed at 00:38:26.660320 after 0.06 seconds
[0m00:38:26.660661 [debug] [MainThread]: Sending event: {'category': 'dbt', 'action': 'invocation', 'label': 'end', 'context': [<snowplow_tracker.self_describing_json.SelfDescribingJson object at 0x7fba873a6a20>, <snowplow_tracker.self_describing_json.SelfDescribingJson object at 0x7fba87b08d40>, <snowplow_tracker.self_describing_json.SelfDescribingJson object at 0x7fba871428a0>]}
[0m00:38:26.660972 [debug] [MainThread]: Flushing usage events
[0m00:38:26.694961 [debug] [MainThread]: An error was encountered while trying to flush usage events
[0m00:38:32.373820 [debug] [MainThread]: Sending event: {'category': 'dbt', 'action': 'invocation', 'label': 'start', 'context': [<snowplow_tracker.self_describing_json.SelfDescribingJson object at 0x7febb4e78320>, <snowplow_tracker.self_describing_json.SelfDescribingJson object at 0x7febb2db7680>, <snowplow_tracker.self_describing_json.SelfDescribingJson object at 0x7febb2b12960>]}


============================== 00:38:32.377025 | 86c8727f-f5a6-4857-b0d5-ef758f42b340 ==============================
[0m00:38:32.377025 [info ] [MainThread]: Running with dbt=1.11.11
[0m00:38:32.377441 [debug] [MainThread]: running dbt with arguments {'log_cache_events': 'False', 'use_colors': 'True', 'warn_error': 'None', 'cache_selected_only': 'False', 'warn_error_options': 'WarnErrorOptionsV2(error=[], warn=[], silence=[])', 'no_print': 'None', 'version_check': 'True', 'use_experimental_parser': 'False', 'target_path': 'None', 'log_path': '/root/klavis-tb3-task/tasks/dbt-incremental-debugger/environment/dbt_project/logs', 'printer_width': '80', 'empty': 'None', 'quiet': 'True', 'introspect': 'True', 'indirect_selection': 'eager', 'fail_fast': 'False', 'invocation_command': 'dbt seed --profiles-dir . -q', 'debug': 'False', 'profiles_dir': '.', 'write_json': 'True', 'partial_parse': 'True', 'log_format': 'default', 'static_parser': 'True', 'send_anonymous_usage_stats': 'True'}
[0m00:38:32.584175 [debug] [MainThread]: Sending event: {'category': 'dbt', 'action': 'project_id', 'label': '86c8727f-f5a6-4857-b0d5-ef758f42b340', 'context': [<snowplow_tracker.self_describing_json.SelfDescribingJson object at 0x7febb4d65850>]}
[0m00:38:32.643617 [debug] [MainThread]: Sending event: {'category': 'dbt', 'action': 'adapter_info', 'label': '86c8727f-f5a6-4857-b0d5-ef758f42b340', 'context': [<snowplow_tracker.self_describing_json.SelfDescribingJson object at 0x7febb2874c50>]}
[0m00:38:32.645470 [info ] [MainThread]: Registered adapter: duckdb=1.10.1
[0m00:38:32.719834 [debug] [MainThread]: checksum: 30a8cc8fdcbf66701b0944d4ccce3fa46dd04b61e5df68b9f16d57b2e0e3f0be, vars: {}, profile: , target: , version: 1.11.11
[0m00:38:32.720460 [info ] [MainThread]: Unable to do partial parsing because saved manifest not found. Starting full parse.
[0m00:38:32.720729 [debug] [MainThread]: Sending event: {'category': 'dbt', 'action': 'partial_parser', 'label': '86c8727f-f5a6-4857-b0d5-ef758f42b340', 'context': [<snowplow_tracker.self_describing_json.SelfDescribingJson object at 0x7febb4bc5b80>]}
[0m00:38:33.929074 [warn ] [MainThread]: [[33mWARNING[0m]: Configuration paths exist in your dbt_project.yml file which do not apply to any resources.
There are 1 unused configuration paths:
- models.user_events.marts
[0m00:38:33.933451 [debug] [MainThread]: Sending event: {'category': 'dbt', 'action': 'load_project', 'label': '86c8727f-f5a6-4857-b0d5-ef758f42b340', 'context': [<snowplow_tracker.self_describing_json.SelfDescribingJson object at 0x7febad365190>]}
[0m00:38:34.005802 [debug] [MainThread]: Wrote artifact WritableManifest to /root/klavis-tb3-task/tasks/dbt-incremental-debugger/environment/dbt_project/target/manifest.json
[0m00:38:34.007737 [debug] [MainThread]: Wrote artifact SemanticManifest to /root/klavis-tb3-task/tasks/dbt-incremental-debugger/environment/dbt_project/target/semantic_manifest.json
[0m00:38:34.015137 [debug] [MainThread]: Sending event: {'category': 'dbt', 'action': 'resource_counts', 'label': '86c8727f-f5a6-4857-b0d5-ef758f42b340', 'context': [<snowplow_tracker.self_describing_json.SelfDescribingJson object at 0x7febad1b3a10>]}
[0m00:38:34.015571 [info ] [MainThread]: Found 1 model, 1 seed, 2 data tests, 485 macros
[0m00:38:34.015816 [debug] [MainThread]: Sending event: {'category': 'dbt', 'action': 'runnable_timing', 'label': '86c8727f-f5a6-4857-b0d5-ef758f42b340', 'context': [<snowplow_tracker.self_describing_json.SelfDescribingJson object at 0x7febad19a9f0>]}
[0m00:38:34.017598 [info ] [MainThread]: 
[0m00:38:34.017946 [info ] [MainThread]: Concurrency: 1 threads (target='dev')
[0m00:38:34.018109 [info ] [MainThread]: 
[0m00:38:34.018451 [debug] [MainThread]: Acquiring new duckdb connection 'master'
[0m00:38:34.019549 [debug] [ThreadPool]: Acquiring new duckdb connection 'list_buggy_events'
[0m00:38:34.044561 [debug] [ThreadPool]: Using duckdb connection "list_buggy_events"
[0m00:38:34.044946 [debug] [ThreadPool]: On list_buggy_events: /* {"app": "dbt", "dbt_version": "1.11.11", "profile_name": "user_events", "target_name": "dev", "connection_name": "list_buggy_events"} */

    
    select schema_name
    from system.information_schema.schemata
    
    where lower(catalog_name) = '"buggy_events"'
    
  
  
[0m00:38:34.045228 [debug] [ThreadPool]: Opening a new connection, currently in state init
[0m00:38:34.061196 [debug] [ThreadPool]: SQL status: OK in 0.016 seconds
[0m00:38:34.062461 [debug] [ThreadPool]: On list_buggy_events: Close
[0m00:38:34.063148 [debug] [ThreadPool]: Re-using an available connection from the pool (formerly list_buggy_events, now create_buggy_events_main)
[0m00:38:34.063615 [debug] [ThreadPool]: Creating schema "database: "buggy_events"
schema: "main"
"
[0m00:38:34.069509 [debug] [ThreadPool]: Using duckdb connection "create_buggy_events_main"
[0m00:38:34.069920 [debug] [ThreadPool]: On create_buggy_events_main: /* {"app": "dbt", "dbt_version": "1.11.11", "profile_name": "user_events", "target_name": "dev", "connection_name": "create_buggy_events_main"} */

    
        select type from duckdb_databases()
        where lower(database_name)='buggy_events'
        and type='sqlite'
    
  
[0m00:38:34.070114 [debug] [ThreadPool]: Opening a new connection, currently in state closed
[0m00:38:34.071130 [debug] [ThreadPool]: SQL status: OK in 0.001 seconds
[0m00:38:34.072359 [debug] [ThreadPool]: Using duckdb connection "create_buggy_events_main"
[0m00:38:34.072612 [debug] [ThreadPool]: On create_buggy_events_main: BEGIN
[0m00:38:34.073046 [debug] [ThreadPool]: SQL status: OK in 0.000 seconds
[0m00:38:34.073260 [debug] [ThreadPool]: Using duckdb connection "create_buggy_events_main"
[0m00:38:34.073456 [debug] [ThreadPool]: On create_buggy_events_main: /* {"app": "dbt", "dbt_version": "1.11.11", "profile_name": "user_events", "target_name": "dev", "connection_name": "create_buggy_events_main"} */

    
    
        create schema if not exists "buggy_events"."main"
    
[0m00:38:34.073930 [debug] [ThreadPool]: SQL status: OK in 0.000 seconds
[0m00:38:34.074608 [debug] [ThreadPool]: On create_buggy_events_main: COMMIT
[0m00:38:34.074945 [debug] [ThreadPool]: Using duckdb connection "create_buggy_events_main"
[0m00:38:34.075124 [debug] [ThreadPool]: On create_buggy_events_main: COMMIT
[0m00:38:34.075555 [debug] [ThreadPool]: SQL status: OK in 0.000 seconds
[0m00:38:34.075805 [debug] [ThreadPool]: On create_buggy_events_main: Close
[0m00:38:34.080357 [debug] [ThreadPool]: Acquiring new duckdb connection 'list_buggy_events_main'
[0m00:38:34.087422 [debug] [ThreadPool]: Using duckdb connection "list_buggy_events_main"
[0m00:38:34.087835 [debug] [ThreadPool]: On list_buggy_events_main: BEGIN
[0m00:38:34.088043 [debug] [ThreadPool]: Opening a new connection, currently in state init
[0m00:38:34.088629 [debug] [ThreadPool]: SQL status: OK in 0.001 seconds
[0m00:38:34.088969 [debug] [ThreadPool]: Using duckdb connection "list_buggy_events_main"
[0m00:38:34.089151 [debug] [ThreadPool]: On list_buggy_events_main: /* {"app": "dbt", "dbt_version": "1.11.11", "profile_name": "user_events", "target_name": "dev", "connection_name": "list_buggy_events_main"} */
select
      'buggy_events' as database,
      table_name as name,
      table_schema as schema,
      CASE table_type
        WHEN 'BASE TABLE' THEN 'table'
        WHEN 'VIEW' THEN 'view'
        WHEN 'LOCAL TEMPORARY' THEN 'table'
        END as type
    from system.information_schema.tables
    where lower(table_schema) = 'main'
    and lower(table_catalog) = 'buggy_events'
  
[0m00:38:34.091806 [debug] [ThreadPool]: SQL status: OK in 0.002 seconds
[0m00:38:34.092948 [debug] [ThreadPool]: On list_buggy_events_main: ROLLBACK
[0m00:38:34.093971 [debug] [ThreadPool]: Failed to rollback 'list_buggy_events_main'
[0m00:38:34.094219 [debug] [ThreadPool]: On list_buggy_events_main: Close
[0m00:38:34.094716 [debug] [MainThread]: Sending event: {'category': 'dbt', 'action': 'runnable_timing', 'label': '86c8727f-f5a6-4857-b0d5-ef758f42b340', 'context': [<snowplow_tracker.self_describing_json.SelfDescribingJson object at 0x7febb4e3d010>]}
[0m00:38:34.095088 [debug] [MainThread]: Using duckdb connection "master"
[0m00:38:34.095286 [debug] [MainThread]: On master: BEGIN
[0m00:38:34.095446 [debug] [MainThread]: Opening a new connection, currently in state init
[0m00:38:34.095962 [debug] [MainThread]: SQL status: OK in 0.000 seconds
[0m00:38:34.096260 [debug] [MainThread]: On master: COMMIT
[0m00:38:34.096445 [debug] [MainThread]: Using duckdb connection "master"
[0m00:38:34.096608 [debug] [MainThread]: On master: COMMIT
[0m00:38:34.097025 [debug] [MainThread]: SQL status: OK in 0.000 seconds
[0m00:38:34.097254 [debug] [MainThread]: On master: Close
[0m00:38:34.098976 [debug] [Thread-1 (]: Began running node seed.user_events.raw_events
[0m00:38:34.099513 [info ] [Thread-1 (]: 1 of 1 START seed file main.raw_events ......................................... [RUN]
[0m00:38:34.099909 [debug] [Thread-1 (]: Re-using an available connection from the pool (formerly create_buggy_events_main, now seed.user_events.raw_events)
[0m00:38:34.100242 [debug] [Thread-1 (]: Began compiling node seed.user_events.raw_events
[0m00:38:34.100496 [debug] [Thread-1 (]: Began executing node seed.user_events.raw_events
[0m00:38:34.122911 [debug] [Thread-1 (]: Using duckdb connection "seed.user_events.raw_events"
[0m00:38:34.123253 [debug] [Thread-1 (]: On seed.user_events.raw_events: BEGIN
[0m00:38:34.123466 [debug] [Thread-1 (]: Opening a new connection, currently in state closed
[0m00:38:34.124260 [debug] [Thread-1 (]: SQL status: OK in 0.001 seconds
[0m00:38:34.124559 [debug] [Thread-1 (]: Using duckdb connection "seed.user_events.raw_events"
[0m00:38:34.124818 [debug] [Thread-1 (]: On seed.user_events.raw_events: /* {"app": "dbt", "dbt_version": "1.11.11", "profile_name": "user_events", "target_name": "dev", "node_id": "seed.user_events.raw_events"} */

    create table "buggy_events"."main"."raw_events" ("event_id" integer,"user_id" integer,"event_type" text,"user_name" text,"user_email" text,"updated_at" timestamp without time zone,"is_deleted" boolean)
  
[0m00:38:34.125594 [debug] [Thread-1 (]: SQL status: OK in 0.001 seconds
[0m00:38:34.134625 [debug] [Thread-1 (]: Using duckdb connection "seed.user_events.raw_events"
[0m00:38:34.135063 [debug] [Thread-1 (]: On seed.user_events.raw_events: 
          COPY "buggy_events"."main"."raw_events" FROM '/root/klavis-tb3-task/tasks/dbt-incremental-debugger/environment/dbt_project/seeds/raw_events.csv' (FORMAT CSV, HEADER TRUE, DELIMITER ',')
        ...
[0m00:38:34.140498 [debug] [Thread-1 (]: SQL status: OK in 0.005 seconds
[0m00:38:34.145288 [debug] [Thread-1 (]: Writing runtime SQL for node "seed.user_events.raw_events"
[0m00:38:34.158264 [debug] [Thread-1 (]: On seed.user_events.raw_events: COMMIT
[0m00:38:34.158606 [debug] [Thread-1 (]: Using duckdb connection "seed.user_events.raw_events"
[0m00:38:34.158875 [debug] [Thread-1 (]: On seed.user_events.raw_events: COMMIT
[0m00:38:34.163257 [debug] [Thread-1 (]: SQL status: OK in 0.004 seconds
[0m00:38:34.165037 [debug] [Thread-1 (]: On seed.user_events.raw_events: Close
[0m00:38:34.166631 [debug] [Thread-1 (]: Sending event: {'category': 'dbt', 'action': 'run_model', 'label': '86c8727f-f5a6-4857-b0d5-ef758f42b340', 'context': [<snowplow_tracker.self_describing_json.SelfDescribingJson object at 0x7febb2145370>]}
[0m00:38:34.167165 [info ] [Thread-1 (]: 1 of 1 OK loaded seed file main.raw_events ..................................... [[32mINSERT 20[0m in 0.07s]
[0m00:38:34.167622 [debug] [Thread-1 (]: Finished running node seed.user_events.raw_events
[0m00:38:34.168673 [debug] [MainThread]: Using duckdb connection "master"
[0m00:38:34.169002 [debug] [MainThread]: On master: BEGIN
[0m00:38:34.169272 [debug] [MainThread]: Opening a new connection, currently in state closed
[0m00:38:34.169841 [debug] [MainThread]: SQL status: OK in 0.001 seconds
[0m00:38:34.170086 [debug] [MainThread]: On master: COMMIT
[0m00:38:34.170283 [debug] [MainThread]: Using duckdb connection "master"
[0m00:38:34.170454 [debug] [MainThread]: On master: COMMIT
[0m00:38:34.170901 [debug] [MainThread]: SQL status: OK in 0.000 seconds
[0m00:38:34.171123 [debug] [MainThread]: On master: Close
[0m00:38:34.171415 [debug] [MainThread]: Connection 'master' was properly closed.
[0m00:38:34.171575 [debug] [MainThread]: Connection 'seed.user_events.raw_events' was properly closed.
[0m00:38:34.171755 [debug] [MainThread]: Connection 'list_buggy_events_main' was properly closed.
[0m00:38:34.171958 [info ] [MainThread]: 
[0m00:38:34.172135 [info ] [MainThread]: Finished running 1 seed in 0 hours 0 minutes and 0.15 seconds (0.15s).
[0m00:38:34.172891 [debug] [MainThread]: Command end result
[0m00:38:34.272450 [debug] [MainThread]: Wrote artifact WritableManifest to /root/klavis-tb3-task/tasks/dbt-incremental-debugger/environment/dbt_project/target/manifest.json
[0m00:38:34.274275 [debug] [MainThread]: Wrote artifact SemanticManifest to /root/klavis-tb3-task/tasks/dbt-incremental-debugger/environment/dbt_project/target/semantic_manifest.json
[0m00:38:34.278996 [debug] [MainThread]: Wrote artifact RunExecutionResult to /root/klavis-tb3-task/tasks/dbt-incremental-debugger/environment/dbt_project/target/run_results.json
[0m00:38:34.279296 [info ] [MainThread]: 
[0m00:38:34.279540 [info ] [MainThread]: [32mCompleted successfully[0m
[0m00:38:34.279759 [info ] [MainThread]: 
[0m00:38:34.279956 [info ] [MainThread]: Done. PASS=1 WARN=0 ERROR=0 SKIP=0 NO-OP=0 TOTAL=1
[0m00:38:34.280795 [debug] [MainThread]: Resource report: {"command_name": "seed", "command_success": true, "command_wall_clock_time": 1.9620043, "process_in_blocks": "0", "process_kernel_time": 0.128042, "process_mem_max_rss": "170128", "process_out_blocks": "3408", "process_user_time": 3.068665}
[0m00:38:34.281145 [debug] [MainThread]: Command `dbt seed` succeeded at 00:38:34.281073 after 1.96 seconds
[0m00:38:34.281407 [debug] [MainThread]: Sending event: {'category': 'dbt', 'action': 'invocation', 'label': 'end', 'context': [<snowplow_tracker.self_describing_json.SelfDescribingJson object at 0x7febb2f82000>, <snowplow_tracker.self_describing_json.SelfDescribingJson object at 0x7febb21e5070>, <snowplow_tracker.self_describing_json.SelfDescribingJson object at 0x7febac5bed20>]}
[0m00:38:34.281643 [debug] [MainThread]: Flushing usage events
[0m00:38:34.315557 [debug] [MainThread]: An error was encountered while trying to flush usage events
[0m00:38:36.036590 [debug] [MainThread]: Sending event: {'category': 'dbt', 'action': 'invocation', 'label': 'start', 'context': [<snowplow_tracker.self_describing_json.SelfDescribingJson object at 0x7f5a44236030>, <snowplow_tracker.self_describing_json.SelfDescribingJson object at 0x7f5a43fa3560>, <snowplow_tracker.self_describing_json.SelfDescribingJson object at 0x7f5a4314a810>]}


============================== 00:38:36.039803 | 702fc114-3067-4d10-add1-a30e287cd9b7 ==============================
[0m00:38:36.039803 [info ] [MainThread]: Running with dbt=1.11.11
[0m00:38:36.040296 [debug] [MainThread]: running dbt with arguments {'debug': 'False', 'partial_parse': 'True', 'empty': 'False', 'cache_selected_only': 'False', 'invocation_command': 'dbt run --full-refresh --profiles-dir . -q', 'profiles_dir': '.', 'no_print': 'None', 'quiet': 'True', 'use_colors': 'True', 'warn_error': 'None', 'send_anonymous_usage_stats': 'True', 'version_check': 'True', 'introspect': 'True', 'target_path': 'None', 'printer_width': '80', 'static_parser': 'True', 'use_experimental_parser': 'False', 'warn_error_options': 'WarnErrorOptionsV2(error=[], warn=[], silence=[])', 'log_cache_events': 'False', 'write_json': 'True', 'indirect_selection': 'eager', 'log_path': '/root/klavis-tb3-task/tasks/dbt-incremental-debugger/environment/dbt_project/logs', 'fail_fast': 'False', 'log_format': 'default'}
[0m00:38:36.242041 [debug] [MainThread]: Sending event: {'category': 'dbt', 'action': 'project_id', 'label': '702fc114-3067-4d10-add1-a30e287cd9b7', 'context': [<snowplow_tracker.self_describing_json.SelfDescribingJson object at 0x7f5a43fe2720>]}
[0m00:38:36.307198 [debug] [MainThread]: Sending event: {'category': 'dbt', 'action': 'adapter_info', 'label': '702fc114-3067-4d10-add1-a30e287cd9b7', 'context': [<snowplow_tracker.self_describing_json.SelfDescribingJson object at 0x7f5a437d7cb0>]}
[0m00:38:36.309033 [info ] [MainThread]: Registered adapter: duckdb=1.10.1
[0m00:38:36.386453 [debug] [MainThread]: checksum: 30a8cc8fdcbf66701b0944d4ccce3fa46dd04b61e5df68b9f16d57b2e0e3f0be, vars: {}, profile: , target: , version: 1.11.11
[0m00:38:36.486334 [debug] [MainThread]: Partial parsing enabled: 0 files deleted, 0 files added, 0 files changed.
[0m00:38:36.486761 [debug] [MainThread]: Nothing changed, skipping partial parsing.
[0m00:38:36.486967 [debug] [MainThread]: Partial parsing enabled, no changes found, skipping parsing
[0m00:38:36.492366 [warn ] [MainThread]: [[33mWARNING[0m]: Configuration paths exist in your dbt_project.yml file which do not apply to any resources.
There are 1 unused configuration paths:
- models.user_events.marts
[0m00:38:36.528025 [debug] [MainThread]: Sending event: {'category': 'dbt', 'action': 'load_project', 'label': '702fc114-3067-4d10-add1-a30e287cd9b7', 'context': [<snowplow_tracker.self_describing_json.SelfDescribingJson object at 0x7f5a3e81fd40>]}
[0m00:38:36.600893 [debug] [MainThread]: Wrote artifact WritableManifest to /root/klavis-tb3-task/tasks/dbt-incremental-debugger/environment/dbt_project/target/manifest.json
[0m00:38:36.602744 [debug] [MainThread]: Wrote artifact SemanticManifest to /root/klavis-tb3-task/tasks/dbt-incremental-debugger/environment/dbt_project/target/semantic_manifest.json
[0m00:38:36.610289 [debug] [MainThread]: Sending event: {'category': 'dbt', 'action': 'resource_counts', 'label': '702fc114-3067-4d10-add1-a30e287cd9b7', 'context': [<snowplow_tracker.self_describing_json.SelfDescribingJson object at 0x7f5a3e72db50>]}
[0m00:38:36.610747 [info ] [MainThread]: Found 1 model, 1 seed, 2 data tests, 485 macros
[0m00:38:36.611022 [debug] [MainThread]: Sending event: {'category': 'dbt', 'action': 'runnable_timing', 'label': '702fc114-3067-4d10-add1-a30e287cd9b7', 'context': [<snowplow_tracker.self_describing_json.SelfDescribingJson object at 0x7f5a43fa3560>]}
[0m00:38:36.612572 [info ] [MainThread]: 
[0m00:38:36.612910 [info ] [MainThread]: Concurrency: 1 threads (target='dev')
[0m00:38:36.613086 [info ] [MainThread]: 
[0m00:38:36.613465 [debug] [MainThread]: Acquiring new duckdb connection 'master'
[0m00:38:36.614562 [debug] [ThreadPool]: Acquiring new duckdb connection 'list_buggy_events'
[0m00:38:36.641459 [debug] [ThreadPool]: Using duckdb connection "list_buggy_events"
[0m00:38:36.641895 [debug] [ThreadPool]: On list_buggy_events: /* {"app": "dbt", "dbt_version": "1.11.11", "profile_name": "user_events", "target_name": "dev", "connection_name": "list_buggy_events"} */

    
    select schema_name
    from system.information_schema.schemata
    
    where lower(catalog_name) = '"buggy_events"'
    
  
  
[0m00:38:36.642101 [debug] [ThreadPool]: Opening a new connection, currently in state init
[0m00:38:36.654215 [debug] [ThreadPool]: SQL status: OK in 0.012 seconds
[0m00:38:36.655448 [debug] [ThreadPool]: On list_buggy_events: Close
[0m00:38:36.656363 [debug] [ThreadPool]: Re-using an available connection from the pool (formerly list_buggy_events, now create_buggy_events_main)
[0m00:38:36.657009 [debug] [ThreadPool]: Creating schema "database: "buggy_events"
schema: "main"
"
[0m00:38:36.664047 [debug] [ThreadPool]: Using duckdb connection "create_buggy_events_main"
[0m00:38:36.664437 [debug] [ThreadPool]: On create_buggy_events_main: /* {"app": "dbt", "dbt_version": "1.11.11", "profile_name": "user_events", "target_name": "dev", "connection_name": "create_buggy_events_main"} */

    
        select type from duckdb_databases()
        where lower(database_name)='buggy_events'
        and type='sqlite'
    
  
[0m00:38:36.664673 [debug] [ThreadPool]: Opening a new connection, currently in state closed
[0m00:38:36.665655 [debug] [ThreadPool]: SQL status: OK in 0.001 seconds
[0m00:38:36.666991 [debug] [ThreadPool]: Using duckdb connection "create_buggy_events_main"
[0m00:38:36.667263 [debug] [ThreadPool]: On create_buggy_events_main: BEGIN
[0m00:38:36.667749 [debug] [ThreadPool]: SQL status: OK in 0.000 seconds
[0m00:38:36.667966 [debug] [ThreadPool]: Using duckdb connection "create_buggy_events_main"
[0m00:38:36.668134 [debug] [ThreadPool]: On create_buggy_events_main: /* {"app": "dbt", "dbt_version": "1.11.11", "profile_name": "user_events", "target_name": "dev", "connection_name": "create_buggy_events_main"} */

    
    
        create schema if not exists "buggy_events"."main"
    
[0m00:38:36.668740 [debug] [ThreadPool]: SQL status: OK in 0.000 seconds
[0m00:38:36.669447 [debug] [ThreadPool]: On create_buggy_events_main: COMMIT
[0m00:38:36.669662 [debug] [ThreadPool]: Using duckdb connection "create_buggy_events_main"
[0m00:38:36.669883 [debug] [ThreadPool]: On create_buggy_events_main: COMMIT
[0m00:38:36.670289 [debug] [ThreadPool]: SQL status: OK in 0.000 seconds
[0m00:38:36.670503 [debug] [ThreadPool]: On create_buggy_events_main: Close
[0m00:38:36.674871 [debug] [ThreadPool]: Re-using an available connection from the pool (formerly create_buggy_events_main, now list_buggy_events_main)
[0m00:38:36.681080 [debug] [ThreadPool]: Using duckdb connection "list_buggy_events_main"
[0m00:38:36.681388 [debug] [ThreadPool]: On list_buggy_events_main: BEGIN
[0m00:38:36.681576 [debug] [ThreadPool]: Opening a new connection, currently in state closed
[0m00:38:36.682164 [debug] [ThreadPool]: SQL status: OK in 0.001 seconds
[0m00:38:36.682424 [debug] [ThreadPool]: Using duckdb connection "list_buggy_events_main"
[0m00:38:36.682610 [debug] [ThreadPool]: On list_buggy_events_main: /* {"app": "dbt", "dbt_version": "1.11.11", "profile_name": "user_events", "target_name": "dev", "connection_name": "list_buggy_events_main"} */
select
      'buggy_events' as database,
      table_name as name,
      table_schema as schema,
      CASE table_type
        WHEN 'BASE TABLE' THEN 'table'
        WHEN 'VIEW' THEN 'view'
        WHEN 'LOCAL TEMPORARY' THEN 'table'
        END as type
    from system.information_schema.tables
    where lower(table_schema) = 'main'
    and lower(table_catalog) = 'buggy_events'
  
[0m00:38:36.685479 [debug] [ThreadPool]: SQL status: OK in 0.003 seconds
[0m00:38:36.686835 [debug] [ThreadPool]: On list_buggy_events_main: ROLLBACK
[0m00:38:36.687804 [debug] [ThreadPool]: Failed to rollback 'list_buggy_events_main'
[0m00:38:36.688053 [debug] [ThreadPool]: On list_buggy_events_main: Close
[0m00:38:36.688888 [debug] [MainThread]: Sending event: {'category': 'dbt', 'action': 'runnable_timing', 'label': '702fc114-3067-4d10-add1-a30e287cd9b7', 'context': [<snowplow_tracker.self_describing_json.SelfDescribingJson object at 0x7f5a3e5f4bf0>]}
[0m00:38:36.689279 [debug] [MainThread]: Using duckdb connection "master"
[0m00:38:36.689478 [debug] [MainThread]: On master: BEGIN
[0m00:38:36.689647 [debug] [MainThread]: Opening a new connection, currently in state init
[0m00:38:36.690163 [debug] [MainThread]: SQL status: OK in 0.000 seconds
[0m00:38:36.690416 [debug] [MainThread]: On master: COMMIT
[0m00:38:36.690681 [debug] [MainThread]: Using duckdb connection "master"
[0m00:38:36.690896 [debug] [MainThread]: On master: COMMIT
[0m00:38:36.691285 [debug] [MainThread]: SQL status: OK in 0.000 seconds
[0m00:38:36.691490 [debug] [MainThread]: On master: Close
[0m00:38:36.693143 [debug] [Thread-1 (]: Began running node model.user_events.user_events_mart
[0m00:38:36.693609 [info ] [Thread-1 (]: 1 of 1 START sql incremental model main.user_events_mart ....................... [RUN]
[0m00:38:36.693961 [debug] [Thread-1 (]: Re-using an available connection from the pool (formerly list_buggy_events_main, now model.user_events.user_events_mart)
[0m00:38:36.694204 [debug] [Thread-1 (]: Began compiling node model.user_events.user_events_mart
[0m00:38:36.704820 [debug] [Thread-1 (]: Writing injected SQL for node "model.user_events.user_events_mart"
[0m00:38:36.705396 [debug] [Thread-1 (]: Began executing node model.user_events.user_events_mart
[0m00:38:36.752986 [debug] [Thread-1 (]: Writing runtime sql for node "model.user_events.user_events_mart"
[0m00:38:36.783351 [debug] [Thread-1 (]: Using duckdb connection "model.user_events.user_events_mart"
[0m00:38:36.783813 [debug] [Thread-1 (]: On model.user_events.user_events_mart: BEGIN
[0m00:38:36.784066 [debug] [Thread-1 (]: Opening a new connection, currently in state closed
[0m00:38:36.785170 [debug] [Thread-1 (]: SQL status: OK in 0.001 seconds
[0m00:38:36.785549 [debug] [Thread-1 (]: Using duckdb connection "model.user_events.user_events_mart"
[0m00:38:36.785984 [debug] [Thread-1 (]: On model.user_events.user_events_mart: /* {"app": "dbt", "dbt_version": "1.11.11", "profile_name": "user_events", "target_name": "dev", "node_id": "model.user_events.user_events_mart"} */

  
    
    

    create  table
      "buggy_events"."main"."user_events_mart"
  
    as (
      



-- Deduplicate: pick the latest event per user
-- BUG 3: ORDER BY ASC picks the OLDEST record, not newest
WITH ranked_events AS (
    SELECT
        event_id,
        user_id,
        event_type,
        user_name,
        user_email,
        updated_at,
        is_deleted,
        ROW_NUMBER() OVER (
            PARTITION BY user_id
            ORDER BY updated_at ASC, event_id ASC  -- BUG: should be DESC, DESC
        ) AS rn
    FROM "buggy_events"."main"."raw_events"

    
),

latest_per_user AS (
    SELECT
        event_id,
        user_id,
        event_type,
        user_name,
        user_email,
        updated_at,
        is_deleted
    FROM ranked_events
    WHERE rn = 1
)

-- BUG 2: no filter on is_deleted — soft-deleted users still included
SELECT
    user_id,
    user_name,
    user_email,
    event_type AS last_event_type,
    updated_at AS last_updated_at,
    is_deleted
FROM latest_per_user
-- Missing: WHERE is_deleted = FALSE
    );
  
  
  
[0m00:38:36.790533 [debug] [Thread-1 (]: SQL status: OK in 0.004 seconds
[0m00:38:36.803462 [debug] [Thread-1 (]: On model.user_events.user_events_mart: COMMIT
[0m00:38:36.803865 [debug] [Thread-1 (]: Using duckdb connection "model.user_events.user_events_mart"
[0m00:38:36.804098 [debug] [Thread-1 (]: On model.user_events.user_events_mart: COMMIT
[0m00:38:36.811161 [debug] [Thread-1 (]: SQL status: OK in 0.007 seconds
[0m00:38:36.812942 [debug] [Thread-1 (]: On model.user_events.user_events_mart: Close
[0m00:38:36.814551 [debug] [Thread-1 (]: Sending event: {'category': 'dbt', 'action': 'run_model', 'label': '702fc114-3067-4d10-add1-a30e287cd9b7', 'context': [<snowplow_tracker.self_describing_json.SelfDescribingJson object at 0x7f5a45d68380>]}
[0m00:38:36.815231 [info ] [Thread-1 (]: 1 of 1 OK created sql incremental model main.user_events_mart .................. [[32mOK[0m in 0.12s]
[0m00:38:36.815609 [debug] [Thread-1 (]: Finished running node model.user_events.user_events_mart
[0m00:38:36.816744 [debug] [MainThread]: Using duckdb connection "master"
[0m00:38:36.817009 [debug] [MainThread]: On master: BEGIN
[0m00:38:36.817185 [debug] [MainThread]: Opening a new connection, currently in state closed
[0m00:38:36.817754 [debug] [MainThread]: SQL status: OK in 0.001 seconds
[0m00:38:36.817985 [debug] [MainThread]: On master: COMMIT
[0m00:38:36.818158 [debug] [MainThread]: Using duckdb connection "master"
[0m00:38:36.818330 [debug] [MainThread]: On master: COMMIT
[0m00:38:36.818662 [debug] [MainThread]: SQL status: OK in 0.000 seconds
[0m00:38:36.818904 [debug] [MainThread]: On master: Close
[0m00:38:36.819168 [debug] [MainThread]: Connection 'master' was properly closed.
[0m00:38:36.819357 [debug] [MainThread]: Connection 'model.user_events.user_events_mart' was properly closed.
[0m00:38:36.819851 [info ] [MainThread]: 
[0m00:38:36.820063 [info ] [MainThread]: Finished running 1 incremental model in 0 hours 0 minutes and 0.21 seconds (0.21s).
[0m00:38:36.820565 [debug] [MainThread]: Command end result
[0m00:38:36.903746 [debug] [MainThread]: Wrote artifact WritableManifest to /root/klavis-tb3-task/tasks/dbt-incremental-debugger/environment/dbt_project/target/manifest.json
[0m00:38:36.905583 [debug] [MainThread]: Wrote artifact SemanticManifest to /root/klavis-tb3-task/tasks/dbt-incremental-debugger/environment/dbt_project/target/semantic_manifest.json
[0m00:38:36.910455 [debug] [MainThread]: Wrote artifact RunExecutionResult to /root/klavis-tb3-task/tasks/dbt-incremental-debugger/environment/dbt_project/target/run_results.json
[0m00:38:36.910773 [info ] [MainThread]: 
[0m00:38:36.911042 [info ] [MainThread]: [32mCompleted successfully[0m
[0m00:38:36.911228 [info ] [MainThread]: 
[0m00:38:36.911486 [info ] [MainThread]: Done. PASS=1 WARN=0 ERROR=0 SKIP=0 NO-OP=0 TOTAL=1
[0m00:38:36.912286 [debug] [MainThread]: Resource report: {"command_name": "run", "command_success": true, "command_wall_clock_time": 0.9289867, "process_in_blocks": "0", "process_kernel_time": 0.141305, "process_mem_max_rss": "163016", "process_out_blocks": "2264", "process_user_time": 2.06354}
[0m00:38:36.912665 [debug] [MainThread]: Command `dbt run` succeeded at 00:38:36.912588 after 0.93 seconds
[0m00:38:36.912960 [debug] [MainThread]: Sending event: {'category': 'dbt', 'action': 'invocation', 'label': 'end', 'context': [<snowplow_tracker.self_describing_json.SelfDescribingJson object at 0x7f5a4320c3b0>, <snowplow_tracker.self_describing_json.SelfDescribingJson object at 0x7f5a4365fce0>, <snowplow_tracker.self_describing_json.SelfDescribingJson object at 0x7f5a43e26990>]}
[0m00:38:36.913223 [debug] [MainThread]: Flushing usage events
[0m00:38:36.945782 [debug] [MainThread]: An error was encountered while trying to flush usage events
[0m00:38:38.600630 [debug] [MainThread]: Sending event: {'category': 'dbt', 'action': 'invocation', 'label': 'start', 'context': [<snowplow_tracker.self_describing_json.SelfDescribingJson object at 0x7f5c0d2ce480>, <snowplow_tracker.self_describing_json.SelfDescribingJson object at 0x7f5c0c233f50>, <snowplow_tracker.self_describing_json.SelfDescribingJson object at 0x7f5c0c233080>]}


============================== 00:38:38.603787 | e3a6d477-6b18-4b63-b61b-58e32979fca6 ==============================
[0m00:38:38.603787 [info ] [MainThread]: Running with dbt=1.11.11
[0m00:38:38.604227 [debug] [MainThread]: running dbt with arguments {'cache_selected_only': 'False', 'profiles_dir': '.', 'indirect_selection': 'eager', 'quiet': 'True', 'printer_width': '80', 'invocation_command': 'dbt run --profiles-dir . -q', 'target_path': 'None', 'write_json': 'True', 'debug': 'False', 'use_experimental_parser': 'False', 'log_cache_events': 'False', 'log_path': '/root/klavis-tb3-task/tasks/dbt-incremental-debugger/environment/dbt_project/logs', 'static_parser': 'True', 'fail_fast': 'False', 'version_check': 'True', 'empty': 'False', 'partial_parse': 'True', 'introspect': 'True', 'log_format': 'default', 'warn_error_options': 'WarnErrorOptionsV2(error=[], warn=[], silence=[])', 'warn_error': 'None', 'no_print': 'None', 'send_anonymous_usage_stats': 'True', 'use_colors': 'True'}
[0m00:38:38.809087 [debug] [MainThread]: Sending event: {'category': 'dbt', 'action': 'project_id', 'label': 'e3a6d477-6b18-4b63-b61b-58e32979fca6', 'context': [<snowplow_tracker.self_describing_json.SelfDescribingJson object at 0x7f5c0d03a3c0>]}
[0m00:38:38.867908 [debug] [MainThread]: Sending event: {'category': 'dbt', 'action': 'adapter_info', 'label': 'e3a6d477-6b18-4b63-b61b-58e32979fca6', 'context': [<snowplow_tracker.self_describing_json.SelfDescribingJson object at 0x7f5c0c0c9280>]}
[0m00:38:38.869749 [info ] [MainThread]: Registered adapter: duckdb=1.10.1
[0m00:38:38.955055 [debug] [MainThread]: checksum: 30a8cc8fdcbf66701b0944d4ccce3fa46dd04b61e5df68b9f16d57b2e0e3f0be, vars: {}, profile: , target: , version: 1.11.11
[0m00:38:39.058065 [debug] [MainThread]: Partial parsing enabled: 0 files deleted, 0 files added, 0 files changed.
[0m00:38:39.058478 [debug] [MainThread]: Nothing changed, skipping partial parsing.
[0m00:38:39.058670 [debug] [MainThread]: Partial parsing enabled, no changes found, skipping parsing
[0m00:38:39.064308 [warn ] [MainThread]: [[33mWARNING[0m]: Configuration paths exist in your dbt_project.yml file which do not apply to any resources.
There are 1 unused configuration paths:
- models.user_events.marts
[0m00:38:39.100057 [debug] [MainThread]: Sending event: {'category': 'dbt', 'action': 'load_project', 'label': 'e3a6d477-6b18-4b63-b61b-58e32979fca6', 'context': [<snowplow_tracker.self_describing_json.SelfDescribingJson object at 0x7f5c0c18e120>]}
[0m00:38:39.172268 [debug] [MainThread]: Wrote artifact WritableManifest to /root/klavis-tb3-task/tasks/dbt-incremental-debugger/environment/dbt_project/target/manifest.json
[0m00:38:39.174226 [debug] [MainThread]: Wrote artifact SemanticManifest to /root/klavis-tb3-task/tasks/dbt-incremental-debugger/environment/dbt_project/target/semantic_manifest.json
[0m00:38:39.181438 [debug] [MainThread]: Sending event: {'category': 'dbt', 'action': 'resource_counts', 'label': 'e3a6d477-6b18-4b63-b61b-58e32979fca6', 'context': [<snowplow_tracker.self_describing_json.SelfDescribingJson object at 0x7f5c076ad9a0>]}
[0m00:38:39.181888 [info ] [MainThread]: Found 1 model, 1 seed, 2 data tests, 485 macros
[0m00:38:39.182108 [debug] [MainThread]: Sending event: {'category': 'dbt', 'action': 'runnable_timing', 'label': 'e3a6d477-6b18-4b63-b61b-58e32979fca6', 'context': [<snowplow_tracker.self_describing_json.SelfDescribingJson object at 0x7f5c076d0500>]}
[0m00:38:39.183655 [info ] [MainThread]: 
[0m00:38:39.183977 [info ] [MainThread]: Concurrency: 1 threads (target='dev')
[0m00:38:39.184142 [info ] [MainThread]: 
[0m00:38:39.184561 [debug] [MainThread]: Acquiring new duckdb connection 'master'
[0m00:38:39.185568 [debug] [ThreadPool]: Acquiring new duckdb connection 'list_buggy_events'
[0m00:38:39.212123 [debug] [ThreadPool]: Using duckdb connection "list_buggy_events"
[0m00:38:39.212544 [debug] [ThreadPool]: On list_buggy_events: /* {"app": "dbt", "dbt_version": "1.11.11", "profile_name": "user_events", "target_name": "dev", "connection_name": "list_buggy_events"} */

    
    select schema_name
    from system.information_schema.schemata
    
    where lower(catalog_name) = '"buggy_events"'
    
  
  
[0m00:38:39.212819 [debug] [ThreadPool]: Opening a new connection, currently in state init
[0m00:38:39.225768 [debug] [ThreadPool]: SQL status: OK in 0.013 seconds
[0m00:38:39.226958 [debug] [ThreadPool]: On list_buggy_events: Close
[0m00:38:39.227606 [debug] [ThreadPool]: Re-using an available connection from the pool (formerly list_buggy_events, now create_buggy_events_main)
[0m00:38:39.228035 [debug] [ThreadPool]: Creating schema "database: "buggy_events"
schema: "main"
"
[0m00:38:39.233843 [debug] [ThreadPool]: Using duckdb connection "create_buggy_events_main"
[0m00:38:39.234140 [debug] [ThreadPool]: On create_buggy_events_main: /* {"app": "dbt", "dbt_version": "1.11.11", "profile_name": "user_events", "target_name": "dev", "connection_name": "create_buggy_events_main"} */

    
        select type from duckdb_databases()
        where lower(database_name)='buggy_events'
        and type='sqlite'
    
  
[0m00:38:39.234347 [debug] [ThreadPool]: Opening a new connection, currently in state closed
[0m00:38:39.235390 [debug] [ThreadPool]: SQL status: OK in 0.001 seconds
[0m00:38:39.236587 [debug] [ThreadPool]: Using duckdb connection "create_buggy_events_main"
[0m00:38:39.236878 [debug] [ThreadPool]: On create_buggy_events_main: BEGIN
[0m00:38:39.237310 [debug] [ThreadPool]: SQL status: OK in 0.000 seconds
[0m00:38:39.237516 [debug] [ThreadPool]: Using duckdb connection "create_buggy_events_main"
[0m00:38:39.237680 [debug] [ThreadPool]: On create_buggy_events_main: /* {"app": "dbt", "dbt_version": "1.11.11", "profile_name": "user_events", "target_name": "dev", "connection_name": "create_buggy_events_main"} */

    
    
        create schema if not exists "buggy_events"."main"
    
[0m00:38:39.238227 [debug] [ThreadPool]: SQL status: OK in 0.000 seconds
[0m00:38:39.238967 [debug] [ThreadPool]: On create_buggy_events_main: COMMIT
[0m00:38:39.239207 [debug] [ThreadPool]: Using duckdb connection "create_buggy_events_main"
[0m00:38:39.239383 [debug] [ThreadPool]: On create_buggy_events_main: COMMIT
[0m00:38:39.239814 [debug] [ThreadPool]: SQL status: OK in 0.000 seconds
[0m00:38:39.240042 [debug] [ThreadPool]: On create_buggy_events_main: Close
[0m00:38:39.244544 [debug] [ThreadPool]: Re-using an available connection from the pool (formerly create_buggy_events_main, now list_buggy_events_main)
[0m00:38:39.250670 [debug] [ThreadPool]: Using duckdb connection "list_buggy_events_main"
[0m00:38:39.251010 [debug] [ThreadPool]: On list_buggy_events_main: BEGIN
[0m00:38:39.251186 [debug] [ThreadPool]: Opening a new connection, currently in state closed
[0m00:38:39.251787 [debug] [ThreadPool]: SQL status: OK in 0.001 seconds
[0m00:38:39.252019 [debug] [ThreadPool]: Using duckdb connection "list_buggy_events_main"
[0m00:38:39.252246 [debug] [ThreadPool]: On list_buggy_events_main: /* {"app": "dbt", "dbt_version": "1.11.11", "profile_name": "user_events", "target_name": "dev", "connection_name": "list_buggy_events_main"} */
select
      'buggy_events' as database,
      table_name as name,
      table_schema as schema,
      CASE table_type
        WHEN 'BASE TABLE' THEN 'table'
        WHEN 'VIEW' THEN 'view'
        WHEN 'LOCAL TEMPORARY' THEN 'table'
        END as type
    from system.information_schema.tables
    where lower(table_schema) = 'main'
    and lower(table_catalog) = 'buggy_events'
  
[0m00:38:39.255065 [debug] [ThreadPool]: SQL status: OK in 0.003 seconds
[0m00:38:39.256381 [debug] [ThreadPool]: On list_buggy_events_main: ROLLBACK
[0m00:38:39.257335 [debug] [ThreadPool]: Failed to rollback 'list_buggy_events_main'
[0m00:38:39.257583 [debug] [ThreadPool]: On list_buggy_events_main: Close
[0m00:38:39.258471 [debug] [MainThread]: Sending event: {'category': 'dbt', 'action': 'runnable_timing', 'label': 'e3a6d477-6b18-4b63-b61b-58e32979fca6', 'context': [<snowplow_tracker.self_describing_json.SelfDescribingJson object at 0x7f5c0ecf94c0>]}
[0m00:38:39.258877 [debug] [MainThread]: Using duckdb connection "master"
[0m00:38:39.259080 [debug] [MainThread]: On master: BEGIN
[0m00:38:39.259264 [debug] [MainThread]: Opening a new connection, currently in state init
[0m00:38:39.259830 [debug] [MainThread]: SQL status: OK in 0.000 seconds
[0m00:38:39.260090 [debug] [MainThread]: On master: COMMIT
[0m00:38:39.260331 [debug] [MainThread]: Using duckdb connection "master"
[0m00:38:39.260499 [debug] [MainThread]: On master: COMMIT
[0m00:38:39.260922 [debug] [MainThread]: SQL status: OK in 0.000 seconds
[0m00:38:39.261155 [debug] [MainThread]: On master: Close
[0m00:38:39.262835 [debug] [Thread-1 (]: Began running node model.user_events.user_events_mart
[0m00:38:39.263284 [info ] [Thread-1 (]: 1 of 1 START sql incremental model main.user_events_mart ....................... [RUN]
[0m00:38:39.263584 [debug] [Thread-1 (]: Re-using an available connection from the pool (formerly list_buggy_events_main, now model.user_events.user_events_mart)
[0m00:38:39.263869 [debug] [Thread-1 (]: Began compiling node model.user_events.user_events_mart
[0m00:38:39.276573 [debug] [Thread-1 (]: Using duckdb connection "model.user_events.user_events_mart"
[0m00:38:39.276940 [debug] [Thread-1 (]: On model.user_events.user_events_mart: /* {"app": "dbt", "dbt_version": "1.11.11", "profile_name": "user_events", "target_name": "dev", "node_id": "model.user_events.user_events_mart"} */

    
    SELECT MAX(last_updated_at) FROM "buggy_events"."main"."user_events_mart"

  
[0m00:38:39.277157 [debug] [Thread-1 (]: Opening a new connection, currently in state closed
[0m00:38:39.278236 [debug] [Thread-1 (]: SQL status: OK in 0.001 seconds
[0m00:38:39.279668 [debug] [Thread-1 (]: Writing injected SQL for node "model.user_events.user_events_mart"
[0m00:38:39.280353 [debug] [Thread-1 (]: Began executing node model.user_events.user_events_mart
[0m00:38:39.327224 [debug] [Thread-1 (]: Using duckdb connection "model.user_events.user_events_mart"
[0m00:38:39.327656 [debug] [Thread-1 (]: On model.user_events.user_events_mart: /* {"app": "dbt", "dbt_version": "1.11.11", "profile_name": "user_events", "target_name": "dev", "node_id": "model.user_events.user_events_mart"} */

    
  
    
    

    create temporary table
      "user_events_mart__dbt_tmp20260629003839308495"
  
    as (
      






-- Deduplicate: pick the latest event per user
-- BUG 3: ORDER BY ASC picks the OLDEST record, not newest
WITH ranked_events AS (
    SELECT
        event_id,
        user_id,
        event_type,
        user_name,
        user_email,
        updated_at,
        is_deleted,
        ROW_NUMBER() OVER (
            PARTITION BY user_id
            ORDER BY updated_at ASC, event_id ASC  -- BUG: should be DESC, DESC
        ) AS rn
    FROM "buggy_events"."main"."raw_events"

    
    -- BUG 1: strict > excludes boundary rows with the exact same timestamp as last batch max
    WHERE updated_at > '2024-01-01 11:45:00'
    
),

latest_per_user AS (
    SELECT
        event_id,
        user_id,
        event_type,
        user_name,
        user_email,
        updated_at,
        is_deleted
    FROM ranked_events
    WHERE rn = 1
)

-- BUG 2: no filter on is_deleted — soft-deleted users still included
SELECT
    user_id,
    user_name,
    user_email,
    event_type AS last_event_type,
    updated_at AS last_updated_at,
    is_deleted
FROM latest_per_user
-- Missing: WHERE is_deleted = FALSE
    );
  
  
  
[0m00:38:39.329664 [debug] [Thread-1 (]: SQL status: OK in 0.002 seconds
[0m00:38:39.335570 [debug] [Thread-1 (]: Using duckdb connection "model.user_events.user_events_mart"
[0m00:38:39.335957 [debug] [Thread-1 (]: On model.user_events.user_events_mart: BEGIN
[0m00:38:39.336501 [debug] [Thread-1 (]: SQL status: OK in 0.000 seconds
[0m00:38:39.336805 [debug] [Thread-1 (]: Using duckdb connection "model.user_events.user_events_mart"
[0m00:38:39.337030 [debug] [Thread-1 (]: On model.user_events.user_events_mart: /* {"app": "dbt", "dbt_version": "1.11.11", "profile_name": "user_events", "target_name": "dev", "node_id": "model.user_events.user_events_mart"} */

      select
          column_name,
          data_type,
          character_maximum_length,
          numeric_precision,
          numeric_scale

      from system.information_schema.columns
      where table_name = 'user_events_mart__dbt_tmp20260629003839308495'
      
      
      order by ordinal_position

  
[0m00:38:39.344290 [debug] [Thread-1 (]: SQL status: OK in 0.007 seconds
[0m00:38:39.349112 [debug] [Thread-1 (]: Using duckdb connection "model.user_events.user_events_mart"
[0m00:38:39.349543 [debug] [Thread-1 (]: On model.user_events.user_events_mart: /* {"app": "dbt", "dbt_version": "1.11.11", "profile_name": "user_events", "target_name": "dev", "node_id": "model.user_events.user_events_mart"} */

      select
          column_name,
          data_type,
          character_maximum_length,
          numeric_precision,
          numeric_scale

      from system.information_schema.columns
      where table_name = 'user_events_mart'
      
      and lower(table_schema) = 'main'
      
      
      and lower(table_catalog) = 'buggy_events'
      
      order by ordinal_position

  
[0m00:38:39.352251 [debug] [Thread-1 (]: SQL status: OK in 0.002 seconds
[0m00:38:39.359498 [debug] [Thread-1 (]: Using duckdb connection "model.user_events.user_events_mart"
[0m00:38:39.359860 [debug] [Thread-1 (]: On model.user_events.user_events_mart: /* {"app": "dbt", "dbt_version": "1.11.11", "profile_name": "user_events", "target_name": "dev", "node_id": "model.user_events.user_events_mart"} */

      select
          column_name,
          data_type,
          character_maximum_length,
          numeric_precision,
          numeric_scale

      from system.information_schema.columns
      where table_name = 'user_events_mart'
      
      and lower(table_schema) = 'main'
      
      
      and lower(table_catalog) = 'buggy_events'
      
      order by ordinal_position

  
[0m00:38:39.362452 [debug] [Thread-1 (]: SQL status: OK in 0.002 seconds
[0m00:38:39.363935 [debug] [Thread-1 (]: Using duckdb connection "model.user_events.user_events_mart"
[0m00:38:39.364284 [debug] [Thread-1 (]: On model.user_events.user_events_mart: /* {"app": "dbt", "dbt_version": "1.11.11", "profile_name": "user_events", "target_name": "dev", "node_id": "model.user_events.user_events_mart"} */
SELECT version()
[0m00:38:39.364951 [debug] [Thread-1 (]: SQL status: OK in 0.000 seconds
[0m00:38:39.374863 [debug] [Thread-1 (]: Writing runtime sql for node "model.user_events.user_events_mart"
[0m00:38:39.375600 [debug] [Thread-1 (]: Using duckdb connection "model.user_events.user_events_mart"
[0m00:38:39.375928 [debug] [Thread-1 (]: On model.user_events.user_events_mart: /* {"app": "dbt", "dbt_version": "1.11.11", "profile_name": "user_events", "target_name": "dev", "node_id": "model.user_events.user_events_mart"} */

        
            delete from "buggy_events"."main"."user_events_mart"
            where (
                user_id) in (
                select (user_id)
                from "user_events_mart__dbt_tmp20260629003839308495"
            );

        
    

    insert into "buggy_events"."main"."user_events_mart" ("user_id", "user_name", "user_email", "last_event_type", "last_updated_at", "is_deleted")
    (
        select "user_id", "user_name", "user_email", "last_event_type", "last_updated_at", "is_deleted"
        from "user_events_mart__dbt_tmp20260629003839308495"
    )
  
[0m00:38:39.377775 [debug] [Thread-1 (]: SQL status: OK in 0.001 seconds
[0m00:38:39.387759 [debug] [Thread-1 (]: On model.user_events.user_events_mart: COMMIT
[0m00:38:39.388098 [debug] [Thread-1 (]: Using duckdb connection "model.user_events.user_events_mart"
[0m00:38:39.388376 [debug] [Thread-1 (]: On model.user_events.user_events_mart: COMMIT
[0m00:38:39.388882 [debug] [Thread-1 (]: SQL status: OK in 0.000 seconds
[0m00:38:39.390509 [debug] [Thread-1 (]: On model.user_events.user_events_mart: Close
[0m00:38:39.392083 [debug] [Thread-1 (]: Sending event: {'category': 'dbt', 'action': 'run_model', 'label': 'e3a6d477-6b18-4b63-b61b-58e32979fca6', 'context': [<snowplow_tracker.self_describing_json.SelfDescribingJson object at 0x7f5c0ee20ad0>]}
[0m00:38:39.392778 [info ] [Thread-1 (]: 1 of 1 OK created sql incremental model main.user_events_mart .................. [[32mOK[0m in 0.13s]
[0m00:38:39.393181 [debug] [Thread-1 (]: Finished running node model.user_events.user_events_mart
[0m00:38:39.394416 [debug] [MainThread]: Using duckdb connection "master"
[0m00:38:39.394728 [debug] [MainThread]: On master: BEGIN
[0m00:38:39.394924 [debug] [MainThread]: Opening a new connection, currently in state closed
[0m00:38:39.395437 [debug] [MainThread]: SQL status: OK in 0.000 seconds
[0m00:38:39.395662 [debug] [MainThread]: On master: COMMIT
[0m00:38:39.395899 [debug] [MainThread]: Using duckdb connection "master"
[0m00:38:39.396061 [debug] [MainThread]: On master: COMMIT
[0m00:38:39.396536 [debug] [MainThread]: SQL status: OK in 0.000 seconds
[0m00:38:39.396793 [debug] [MainThread]: On master: Close
[0m00:38:39.397080 [debug] [MainThread]: Connection 'master' was properly closed.
[0m00:38:39.397254 [debug] [MainThread]: Connection 'model.user_events.user_events_mart' was properly closed.
[0m00:38:39.397457 [info ] [MainThread]: 
[0m00:38:39.397640 [info ] [MainThread]: Finished running 1 incremental model in 0 hours 0 minutes and 0.21 seconds (0.21s).
[0m00:38:39.398106 [debug] [MainThread]: Command end result
[0m00:38:39.480620 [debug] [MainThread]: Wrote artifact WritableManifest to /root/klavis-tb3-task/tasks/dbt-incremental-debugger/environment/dbt_project/target/manifest.json
[0m00:38:39.482433 [debug] [MainThread]: Wrote artifact SemanticManifest to /root/klavis-tb3-task/tasks/dbt-incremental-debugger/environment/dbt_project/target/semantic_manifest.json
[0m00:38:39.487356 [debug] [MainThread]: Wrote artifact RunExecutionResult to /root/klavis-tb3-task/tasks/dbt-incremental-debugger/environment/dbt_project/target/run_results.json
[0m00:38:39.487650 [info ] [MainThread]: 
[0m00:38:39.487941 [info ] [MainThread]: [32mCompleted successfully[0m
[0m00:38:39.488109 [info ] [MainThread]: 
[0m00:38:39.488350 [info ] [MainThread]: Done. PASS=1 WARN=0 ERROR=0 SKIP=0 NO-OP=0 TOTAL=1
[0m00:38:39.489122 [debug] [MainThread]: Resource report: {"command_name": "run", "command_success": true, "command_wall_clock_time": 0.9430098, "process_in_blocks": "0", "process_kernel_time": 0.15998, "process_mem_max_rss": "163056", "process_out_blocks": "2216", "process_user_time": 2.008647}
[0m00:38:39.489518 [debug] [MainThread]: Command `dbt run` succeeded at 00:38:39.489445 after 0.94 seconds
[0m00:38:39.489810 [debug] [MainThread]: Sending event: {'category': 'dbt', 'action': 'invocation', 'label': 'end', 'context': [<snowplow_tracker.self_describing_json.SelfDescribingJson object at 0x7f5c0c7573b0>, <snowplow_tracker.self_describing_json.SelfDescribingJson object at 0x7f5c0e1ffe30>, <snowplow_tracker.self_describing_json.SelfDescribingJson object at 0x7f5c0cb710a0>]}
[0m00:38:39.490066 [debug] [MainThread]: Flushing usage events
[0m00:38:39.521587 [debug] [MainThread]: An error was encountered while trying to flush usage events
